#-----------------------------------------------------------
# Vivado v2024.2 (64-bit)
# SW Build 5239630 on Fri Nov 08 22:35:27 MST 2024
# IP Build 5239520 on Sun Nov 10 16:12:51 MST 2024
# SharedData Build 5239561 on Fri Nov 08 14:39:27 MST 2024
# Start of session at: Wed Dec  3 17:37:16 2025
# Process ID         : 24152
# Current directory  : D:/cirs/Project/Verilog/CLA_5bit/CLA_5bit.runs/synth_1
# Command line       : vivado.exe -log DFF_CLA_5bit.vds -product Vivado -mode batch -messageDb vivado.pb -notrace -source DFF_CLA_5bit.tcl
# Log file           : D:/cirs/Project/Verilog/CLA_5bit/CLA_5bit.runs/synth_1/DFF_CLA_5bit.vds
# Journal file       : D:/cirs/Project/Verilog/CLA_5bit/CLA_5bit.runs/synth_1\vivado.jou
# Running On         : LAPTOP-7D1TKKF7
# Platform           : Windows Server 2016 or Windows 10
# Operating System   : 26200
# Processor Detail   : AMD Ryzen 7 6800H with Radeon Graphics         
# CPU Frequency      : 3194 MHz
# CPU Physical cores : 8
# CPU Logical cores  : 16
# Host memory        : 16371 MB
# Swap memory        : 16106 MB
# Total Virtual      : 32477 MB
# Available Virtual  : 12358 MB
#-----------------------------------------------------------
source DFF_CLA_5bit.tcl -notrace
